// Jest Snapshot v1, https://goo.gl/fbAQLP

exports[`<App /> render() renders the component app 1`] = `
<div
  className="app"
>
  <Header />
  <SavingGoal />
</div>
`;
