// Jest Snapshot v1, https://goo.gl/fbAQLP

exports[`<SavingGoal/> Renders correctly 1`] = `
<Provider
  store={
    Object {
      "dispatch": [Function],
      "getState": [Function],
      "replaceReducer": [Function],
      "subscribe": [Function],
      Symbol(observable): [Function],
    }
  }
>
  <SavingGoal>
    <section
      className="savingGoalSimulator"
    >
      <h3>
        Let's plan your 
        <strong>
          saving goal.
        </strong>
      </h3>
      <div
        className="goalCalculator"
      >
        <div
          className="calculatorHeader"
        >
          <img
            alt="house-icon"
            src="test-file-stub"
          />
          <h2>
            Buy a house
          </h2>
          <h4>
            Saving goal
          </h4>
        </div>
        <div
          className="calculatorInputs"
        >
          <ValueInput>
            <div
              className="value"
            >
              <label>
                Total amount
              </label>
              <span
                className="valueInput"
              >
                <span
                  className="currencyIcon"
                >
                  $
                </span>
                <CurrencyInput
                  allowNegative={false}
                  autoFocus={true}
                  className="inputAmount"
                  decimalSeparator="."
                  inputType="text"
                  maxLength="12"
                  onChange={[Function]}
                  onChangeEvent={[Function]}
                  precision="2"
                  prefix=""
                  selectAllOnFocus={true}
                  suffix=""
                  thousandSeparator=","
                  value={0}
                >
                  <input
                    className="inputAmount"
                    maxLength="12"
                    onChange={[Function]}
                    onFocus={[Function]}
                    onMouseUp={[Function]}
                    type="text"
                    value="0.00"
                  />
                </CurrencyInput>
              </span>
            </div>
          </ValueInput>
          <DateInput>
            <div
              className="date"
              data-test="setDateComponent"
            >
              <label>
                Reach goal by
              </label>
              <div
                className="dateInput"
              >
                <button
                  className="backward"
                  disabled={true}
                  onClick={[Function]}
                  onKeyUp={[Function]}
                >
                  <img
                    alt="arrow-left"
                    src="test-file-stub"
                  />
                </button>
                <span
                  className="dateDisplay"
                >
                  <h1
                    className="month"
                  >
                    May
                  </h1>
                  <h2
                    className="year"
                  >
                    2020
                  </h2>
                </span>
                <button
                  className="forward"
                  onClick={[Function]}
                  onKeyUp={[Function]}
                >
                  <img
                    alt="arrow-right"
                    src="test-file-stub"
                  />
                </button>
              </div>
            </div>
          </DateInput>
        </div>
        <div
          className="summary"
        >
          <span
            className="depositSummary"
          >
            <h3>
              Monthly 
              <span
                className="amountText"
              >
                amount
              </span>
            </h3>
            <h2
              className="depositValue"
            >
              $
              0.00
            </h2>
          </span>
          <span
            className="descriptionSummary"
          >
            <p>
              You are plaining
               
              <strong>
                1
                 monthly 
                deposit
              </strong>
               
              to reach your 
              <strong>
                $
                0
                 
              </strong>
              goal by
               
              <strong>
                May
                 
                2020
              </strong>
              .
            </p>
          </span>
        </div>
        <div
          className="confirmButtonContainer"
        >
          <button
            className="confirmButton"
            disabled={true}
          >
            Confirm
          </button>
        </div>
      </div>
    </section>
  </SavingGoal>
</Provider>
`;
